la constante b est deja declaree
la variable a est deja declaree
la variable c est deja declaree
la variable d est deja declaree
