Erreur lexicale (1:5) caractere _
Erreur lexicale (3:10) caractere |
Erreur lexicale (6:6) caractere $
Erreur lexicale (7:13) caractere %
Erreur lexicale (9:1) caractere &
